// 同步 ID: 9aa8c2e0 @ Mon Jul 20 15:51:22 UTC 2026
// 同步 ID: 096565bc @ Tue Jul 21 04:50:37 UTC 2026
// 同步 ID: 2da0c64b @ Tue Jul 21 10:38:55 UTC 2026
// 同步 ID: 51824bc0 @ Tue Jul 21 14:43:15 UTC 2026
// 同步 ID: 962e2798 @ Tue Jul 21 17:33:59 UTC 2026
// 同步 ID: 77e83d72 @ Fri Jul 24 20:45:54 UTC 2026
// 重构日志: 911029ac
// 重构日志: 354ec1fb
// 重构日志: 6611dc03
// 重构日志: f68e8218
// 同步 ID: ceab0277 @ Mon Jul 27 12:46:17 UTC 2026
// 重构日志: 49541ac1
// 重构日志: f38f7ac1
// 重构日志: 89f1579b
// 同步 ID: 4c061cbc @ Wed Jul 29 08:32:57 UTC 2026
// 重构日志: 806c739d
// 重构日志: 6281cfee
// 重构日志: 835be8ce
// 同步 ID: 19db0c69 @ Thu Jul 30 11:36:16 UTC 2026
// 重构日志: aef785cc
// 同步 ID: 64da92db @ Sat Aug  1 01:13:44 UTC 2026
// 同步 ID: 782e7168 @ Sat Aug  1 11:06:47 UTC 2026
// 重构日志: 8ad3bb8d
// 同步 ID: 478ea19d @ Sun Aug  2 01:31:56 UTC 2026
// 重构日志: 4108e40d
// 重构日志: 0f28497e
// 同步 ID: cc8a273e @ Tue Aug  4 15:23:06 UTC 2026
// 同步 ID: 01ed44af @ Tue Aug  4 17:44:24 UTC 2026
// 重构日志: 21f887d4
// 同步 ID: 262a9a56 @ Wed Aug  5 18:49:54 UTC 2026
// 重构日志: df60aaca
// 重构日志: afacfe69
